// Vitest Snapshot v1, https://vitest.dev/guide/snapshot.html

exports[`Comment > Renders the component correctly 1`] = `
<DocumentFragment>
  <div
    class="MuiStack-root css-h4camh-MuiStack-root"
  >
    <h6
      class="MuiTypography-root MuiTypography-subtitle1 css-1hkc175-MuiTypography-root"
    >
      test@test.com
    </h6>
    <p
      class="MuiTypography-root MuiTypography-body1 css-ahj2mt-MuiTypography-root"
    >
      test comment
    </p>
  </div>
</DocumentFragment>
`;
